-----BEGIN CERTIFICATE-----
MIIESjCCAzKgAwIBAgIURn2qjFnI3rJQXVCqKcRx9Xtr1fQwDQYJKoZIhvcNAQEL
BQAwZjELMAkGA1UEBhMCU0UxEjAQBgNVBAgMCU1pbGt5IFdheTEOMAwGA1UEBwwF
RWFydGgxDjAMBgNVBAoMBVNVTkVUMQ8wDQYDVQQLDAZ2YyBEZXYxEjAQBgNVBAMM
CXZjX2Rldl9jYTAeFw0yNTA1MTMxMTI1NDZaFw0yNzA1MTMxMTI1NDZaMHExCzAJ
BgNVBAYTAlNFMRIwEAYDVQQIDAlNaWxreSBXYXkxDjAMBgNVBAcMBUVhcnRoMQ4w
DAYDVQQKDAVTVU5FVDEWMBQGA1UECwwNdmNfZGV2X3Jvb3RDQTEWMBQGA1UEAwwN
dmNfZGV2X3BvcnRhbDCCASIwDQYJKoZIhvcNAQEBBQADggEPADCCAQoCggEBAN7x
aWE12NGQ6uXIBTxakY3ihMFfeBmM57fMlO65V55ELJp8/WwHaF0z/twyGMN3DKRZ
xayb3wCjatuNJxeZIH/l/5qBh7UlLlksqnoOrs8wxdIdFlV3Ag5f/hfluAUXjpv0
v5TD4mwgUZRBd5Ivd7YpWbC4T4d4CsC+w8Q2N5mPfVPzUIaOf4oy4ZmIQ0DJn2hz
YhrHqZlmHUTb/jwTd3DHiOXjVgPHpZLOyaN+ZDclzHNiv6yPcHzuOfNEFtAtZYHJ
GUlqQv8R3axFBH7ywAa+w0H9hoti73G6AhNlHzOt9hHYkiZa3FrbtY7IqLZaCA/5
ysTr6p7WRHqL1TXGHiECAwEAAaOB5DCB4TCBjQYDVR0jBIGFMIGCoWqkaDBmMQsw
CQYDVQQGEwJTRTESMBAGA1UECAwJTWlsa3kgV2F5MQ4wDAYDVQQHDAVFYXJ0aDEO
MAwGA1UECgwFU1VORVQxDzANBgNVBAsMBnZjIERldjESMBAGA1UEAwwJdmNfZGV2
X2NhghRh8v0Byrbnmx9ggFGtitslOQ7QKTAJBgNVHRMEAjAAMAsGA1UdDwQEAwIE
8DAYBgNVHREEETAPgg12Y19kZXZfcG9ydGFsMB0GA1UdDgQWBBR6QceTkgZ9eSgG
8eCrBlXCoDvYwzANBgkqhkiG9w0BAQsFAAOCAQEAeHLDNDhi5iXBOOoVq6MuRg1G
074bKANSnBQ3FjRgcq+nwzOS03OWILF+gP/mS02OkTYTbN0NlhcCm0QLLkC66gfn
2bftKNt6H+5rOARecMFJR72Yf3zlbOLVi8EDG00cfniIVseJLH1ITisRaiwTl8CE
2uMmtX8rqejWr20gTRMn77TtxMEgJiklR388djHKzTEgsKTAHA1YQVUszg/IezVl
8pmJm9Flu9N0qco5JNrXM0RkLAsfvbrPyBWYjyAHZdIkQ+6eiE+6MyEOlMa07/4m
yKE7YKpi4FU4vtiXq+NtrgdfN7g9y/3igjt+P8AiOp3fqyl8irkCr115g9/NRg==
-----END CERTIFICATE-----
-----BEGIN CERTIFICATE-----
MIIESDCCAzCgAwIBAgIURn2qjFnI3rJQXVCqKcRx9Xtr1fEwDQYJKoZIhvcNAQEL
BQAwZjELMAkGA1UEBhMCU0UxEjAQBgNVBAgMCU1pbGt5IFdheTEOMAwGA1UEBwwF
RWFydGgxDjAMBgNVBAoMBVNVTkVUMQ8wDQYDVQQLDAZ2YyBEZXYxEjAQBgNVBAMM
CXZjX2Rldl9jYTAeFw0yNTA1MTMxMTI1NDVaFw0yNzA1MTMxMTI1NDVaMHAxCzAJ
BgNVBAYTAlNFMRIwEAYDVQQIDAlNaWxreSBXYXkxDjAMBgNVBAcMBUVhcnRoMQ4w
DAYDVQQKDAVTVU5FVDEWMBQGA1UECwwNdmNfZGV2X3Jvb3RDQTEVMBMGA1UEAwwM
dmNfZGV2X2FwaWd3MIIBIjANBgkqhkiG9w0BAQEFAAOCAQ8AMIIBCgKCAQEAomsQ
Pyzl/EdHLqmH/WqJ3D3eN73nSwv2ejC7q5moDuoh68b5u/RCtHB8Om6Pi0lIeYhr
in3lJc183JsZmyG+nl81nM2vBwIVHErRT+bNGK+eMQMfkd7cZDoOTXXxH2iGoj08
iXRKA22BF3vZRlFN1u+2NESuI6K5UP2ipWR5fIAsnREtZDM2ZQ/LMfKdYwphaszZ
zqCZ+xdwV27Zv9jPy0IpcBSbpK3wEcdvIHDPOoSJBnxJzNqE0/WnF9OH3YAriLJC
nWy3L8OShiKZVSHoN5weFVmkv8Bdcd08/7ck0PEpuqr0RmW8tTLMvTKhV4eEbf3O
MkhUiOCu1+OtLAzjFQIDAQABo4HjMIHgMIGNBgNVHSMEgYUwgYKhaqRoMGYxCzAJ
BgNVBAYTAlNFMRIwEAYDVQQIDAlNaWxreSBXYXkxDjAMBgNVBAcMBUVhcnRoMQ4w
DAYDVQQKDAVTVU5FVDEPMA0GA1UECwwGdmMgRGV2MRIwEAYDVQQDDAl2Y19kZXZf
Y2GCFGHy/QHKtuebH2CAUa2K2yU5DtApMAkGA1UdEwQCMAAwCwYDVR0PBAQDAgTw
MBcGA1UdEQQQMA6CDHZjX2Rldl9hcGlndzAdBgNVHQ4EFgQUdMGm0TpGBkTnojJF
1Y7bEMgv+uwwDQYJKoZIhvcNAQELBQADggEBAK4B2pJelClLjV2GYxAt52Rfc6d8
6VU2wYsMErt9EpAoEDA1MGf43ODY8nmQ+Uprt4wnz/ea8EfOmkyxgvXrrTRgfY0t
sj7ma3sd2fxfl7FKItzhqHh+rczRg9E3qUvqNF4JM2evIqnt+KTYx5HZ/akSNW+s
MT52ZBe+ZkTxb7ie+qKnS2Ssw5gV+RLoidxY+v84wFO9UIJFQ3u4Kno0rT3elUIh
z/TCic5uHFAPNIq/v/b66ZdOHPnWc4EDBZPDdCcEklGo0twbPACFYvhFbs1d9n/r
gKlwfPFZQME9mwpcbuY5qzF/Pa64POdJ7F75+pxVrXnpyli5hwWu8t2CKw0=
-----END CERTIFICATE-----
-----BEGIN CERTIFICATE-----
MIIDUzCCAjsCFGHy/QHKtuebH2CAUa2K2yU5DtApMA0GCSqGSIb3DQEBCwUAMGYx
CzAJBgNVBAYTAlNFMRIwEAYDVQQIDAlNaWxreSBXYXkxDjAMBgNVBAcMBUVhcnRo
MQ4wDAYDVQQKDAVTVU5FVDEPMA0GA1UECwwGdmMgRGV2MRIwEAYDVQQDDAl2Y19k
ZXZfY2EwHhcNMjUwNTEzMTEyNTQ1WhcNMzUwNTExMTEyNTQ1WjBmMQswCQYDVQQG
EwJTRTESMBAGA1UECAwJTWlsa3kgV2F5MQ4wDAYDVQQHDAVFYXJ0aDEOMAwGA1UE
CgwFU1VORVQxDzANBgNVBAsMBnZjIERldjESMBAGA1UEAwwJdmNfZGV2X2NhMIIB
IjANBgkqhkiG9w0BAQEFAAOCAQ8AMIIBCgKCAQEAsId/u4d+POKlby13ovmuRjDM
cODvv12d4U/0yvZ+aG8bryMr3Ci9Tnq4qVJzQ2HrR4IfLM58QOPUasTdEsCi5LQL
2crywrh32WPBWYQSPdztxurR1KRqSM+BpaZM7YS++z0eOjotXRrf07Fb7jxclGHe
+TWQeHJTR2VcIOmkPTnNRrYSdOhjCMKPQT7ydyeiHNoq/fyP3whFXAtEtmPdhX5N
ncAnXT7Tk9zxEXOe4AxC4CCmm0BsvRG2rrEpbXZBEg+sFRCSlA3hjn6zaUjHPzOK
vDFwhBcv0NaMSgFFleyqAvtXBN6vdfT+r85MiGQG7Tk8BHsYxVLZxapuqdWfcQID
AQABMA0GCSqGSIb3DQEBCwUAA4IBAQB2QOCzmJj/FDVyhDgdQtsyvrBuhBq9ATRO
til0ITxzx9nCwQjS0BochQVRpQe/09CRfTynbm3wfk1jWKE8e35WTjIkt/7cXC0T
tTs2C5mTXwT+uF9D+PLiY351WO0O6S7glMLS0IFj5ob78Pntn7AwAmbikTYlCJ0D
OXMb9zP1QSNKsT9zTKRG/Tgqj1Eq5MaHZbDXeeu4ZcRCujam5wiEhIi4DLZ320IC
hY1lpcivOVM+BVD6kLUvIPjSkmc/2E0jE1DWG/A1c/uSDDFEw7rADgK4mNmQEnys
sFTgOZPxFve/Hvuq0BC5k4owyRo9ZYSIw3xgFmf/3SbWs+nwdU/U
-----END CERTIFICATE-----