{
  "response_uri": "http://wallet-enterprise-acme-verifier:8005/verification/direct_post",
  "aud": "https://self-issued.me/v2",
  "iss": "wallet-enterprise-acme-verifier",
  "client_id_scheme": "x509_san_dns",
  "client_id": "wallet-enterprise-acme-verifier",
  "response_type": "vp_token",
  "response_mode": "direct_post.jwt",
  "state": "1e19dbd2-af2e-4842-aa2f-3680e777db7e",
  "nonce": "d3943fb3-1fac-4282-9d47-f6a08f66cd55",
  "presentation_definition": {
    "id": "CustomVerifiableId",
    "title": "PID ARF v1.8",
    "description": "Select the format and the fields you want to request",
    "input_descriptors": [
      {
        "id": "SdJwtPID",
        "name": "Custom PID",
        "constraints": {
          "limit_disclosure": "required",
          "fields": [
            {
              "name": "VC type",
              "path": [
                "$.vct"
              ],
              "filter": {
                "type": "string",
                "const": "urn:eudi:pid:1"
              }
            },
            {
              "name": "First name",
              "path": [
                "$.given_name"
              ],
              "filter": {}
            }
          ]
        },
        "format": {
          "vc+sd-jwt": {
            "sd-jwt_alg_values": [
              "ES256"
            ],
            "kb-jwt_alg_values": [
              "ES256"
            ]
          }
        }
      }
    ]
  },
  "client_metadata": {
    "jwks": {
      "keys": [
        {
          "kty": "EC",
          "x": "Os8F30eygImmdebjfTp4J6PxbmeenD1LyykXIVwgWzo",
          "y": "g3le0q6bpmSDrvyqwWGTOdX7sRXbnu81m1DebFCr3Q0",
          "crv": "P-256",
          "kid": "f70c46dfdee49bd5",
          "use": "enc"
        }
      ]
    },
    "authorization_encrypted_response_alg": "ECDH-ES",
    "authorization_encrypted_response_enc": "A256GCM",
    "vp_formats": {
      "vc+sd-jwt": {
        "sd-jwt_alg_values": [
          "ES256"
        ],
        "kb-jwt_alg_values": [
          "ES256"
        ]
      },
      "dc+sd-jwt": {
        "sd-jwt_alg_values": [
          "ES256"
        ],
        "kb-jwt_alg_values": [
          "ES256"
        ]
      },
      "mso_mdoc": {
        "alg": [
          "ES256"
        ]
      }
    }
  },
  "iat": 1750754168
}
