{
    "data": {
        "meta": {
            "authentic_source": "SUNET",
            "document_version": "1.0.0",
            "document_type": "EHIC",
            "document_id": "test_document_id",
            "real_data": false,
            "collect": {
                "id": "test_collect_id",
                "valid_until": 1731767173
            },
            "revocation": {
                "id": "test_revocation_id",
                "reference": {
                    "authentic_source": "SUNET",
                    "document_type": "EHIC",
                    "document_id": "test_document_id"
                }
            },
            "credential_valid_from": 695706629,
            "credential_valid_to": -1730367911
        },
        "document_data": {
            "personal_administrative_number": "123123123",
	        "issuing_authority": {
		        "id": "1231231",
		        "name": "SUNET"
	        },
        	"issuing_country": "SE",
        	"date_of_expiry": "2038-01-19",
        	"date_of_issuance": "2021-01-19",
        	"document_number": "123123123"
        }
    }
}