{
    "code": "code_12345",
    "state": "state_12345"
}