{
   "credential_responses":[
      {
         "transaction_id":"8xLOxBtZp8"
      },
      {
         "credential":"YXNkZnNhZGZkamZqZGFza23....29tZTIzMjMyMzIzMjMy"
      }
   ],
   "c_nonce":"fGFF7UkhLa",
   "c_nonce_expires_in":86400
}