{
  "credential_responses": [{
    "credential": "eyJraWQiOiJkaWQ6ZXhhbXBsZTpl...C_aZKPxgihac0aW9EkL1nOzM"
  },
  {
    "credential": "YXNkZnNhZGZkamZqZGFza23....29tZTIzMjMyMzIzMjMy"
  }],
  "c_nonce": "fGFF7UkhLa",
  "c_nonce_expires_in": 86400
}