{
    "credential_issuer": "http://vc_dev_apigw:8080",
    "authorization_servers": [
        "http://vc_dev_apigw:8080"
    ],
    "credential_endpoint": "http://vc_dev_apigw:8080/credential",
    "batch_credential_endpoint": "http://vc_dev_apigw:8080/batch_credential",
    "deferred_credential_endpoint": "http://vc_dev_apigw:8080/deferred_credential",
    "credential_response_encryption": {
        "alg_values_supported": [
            "ECDH-ES"
        ],
        "enc_values_supported": [
            "A128GCM"
        ],
        "encryption_required": false
    },
    "display": [
        {
            "name": "Example University",
            "locale": "en-US"
        },
        {
            "name": "Example Universit√©",
            "locale": "fr-FR"
        }
    ],
    "credential_configurations_supported": {
        "UniversityDegreeCredential": {
            "vct": "UniversityDegreeCredential",
            "format": "jwt_vc_json",
            "scope": "UniversityDegree",
            "cryptographic_binding_methods_supported": [
                "did:example"
            ],
            "credential_signing_alg_values_supported": [
                "ES256"
            ],
            "credential_definition": {
                "type": [
                    "VerifiableCredential",
                    "UniversityDegreeCredential"
                ],
                "credentialSubject": {
                    "given_name": {
                        "display": [
                            {
                                "name": "Given Name",
                                "locale": "en-US"
                            }
                        ]
                    },
                    "family_name": {
                        "display": [
                            {
                                "name": "Surname",
                                "locale": "en-US"
                            }
                        ]
                    },
                    "degree": {},
                    "gpa": {
                        "display": [
                            {
                                "name": "GPA"
                            }
                        ]
                    }
                }
            },
            "proof_types_supported": {
                "jwt": {
                    "proof_signing_alg_values_supported": [
                        "ES256"
                    ]
                }
            },
            "display": [
                {
                    "name": "University Credential",
                    "locale": "en-US",
                    "logo": {
                        "uri": "https://university.example.edu/public/logo.png",
                        "alt_text": "a square logo of a university"
                    },
                    "background_color": "#12107c",
                    "text_color": "#FFFFFF"
                }
            ]
        }
    }
}