credential_issuer: http://vc_dev_apigw:8080
credential_endpoint: http://vc_dev_apigw:8080/credential
authorization_servers:
  - http://vc_dev_apigw:8080
deferred_credential_endpoint: http://vc_dev_apigw:8080/deferred_credential
notification_endpoint: "http://vc_dev_apigw:8080/notification"
credential_response_encryption:
  alg_values_supported:
    - ECDH-ES
  enc_values_supported:
    - A128GCM
  encryption_required: false
display:
  - name: European Health Insurance Card
    locale: en-US
    logo:
    url: ''
  - name: Carte europ√©enne d'assurance maladie
    locale: fr-FR
    logo:
    url: ''
credential_configurations_supported:
  EHICCredential:
    vct: "EHICCredential"
    format: "vc+sd-jwt"
    scope: EHIC
    cryptographic_binding_methods_supported:
      - did:example
    credential_signing_alg_values_supported:
      - ES256
    credential_definition:
      type:
        - VerifiableCredential
        - EHICCredential
      credentialSubject:
        social_security_pin:
          mandatory: true
          value_type: string
          display:
            - name: "Social Security Number"
              locale: en-US
              description: "The social security number of the EHIC holder"
        institution_country:
          mandatory: true
          value_type: string
          display:
            - name: "Issuer Country"
              locale: en-US
              description: "The issuer country of the EHIC holder"
        institution_id:
          mandatory: true
          value_type: string
          display:
            - name: "Issuer Institution Code"
              locale: en-US
              description: "The issuer institution code of the EHIC holder"
        document_id:
          mandatory: true
          value_type: string
          display:
            - name: "Identification card number"
              locale: en-US
              description: "The Identification card number of the EHIC holder"
        ending_date:
          mandatory: true
          value_type: string
          display:
            - name: "Expiry Date"
              locale: en-US
              description: "The date and time expired this credential"
    display:
      - name: "European Health Insurance Card Credential"
        locale: en-US
        logo:
          uri: https://example.edu/public/logo.png
          alt_text: "a square logo of a EHIC card"
        background_color: "#12107c"
        background_image:
          uri:  "https://example.edu/public/background.png"
        text_color: "#FFFFFF"